// Jest Snapshot v1, https://goo.gl/fbAQLP

exports[`renders correctly 1`] = `
<h1
  className="font-bold text-2xl sm:text-4xl text-mainText text-center mb-8"
>
  Test
</h1>
`;
