// Jest Snapshot v1, https://goo.gl/fbAQLP

exports[`renders correctly 1`] = `
<div
  className="flex fixed inset-0 left-0 w-screen h-screen
   bg-mainText bg-opacity-60 items-center justify-center shadow-md undefined"
>
  <div
    className="flex flex-col w-72 sm:w-96 p-4 h-54 sm:h-72 bg-white rounded-xl items-center relative"
  >
    <h1
      className="font-bold text-2xl sm:text-4xl text-mainText text-center mb-8"
    >
      Modal
    </h1>
    <div
      className="absolute bottom-10 flex items-center"
    >
      <button
        className="bg-mainAction text-white w-full max-w-md h-10 rounded-xl hover:bg-mainLight mb-2 font-semibold w-34 mx-2"
        disabled={false}
        onClick={[MockFunction]}
      >
        OK
      </button>
    </div>
  </div>
</div>
`;
