// Jest Snapshot v1, https://goo.gl/fbAQLP

exports[`renders correctly 1`] = `
<button
  className="bg-mainAction text-white w-full max-w-md h-10 rounded-xl hover:bg-mainLight mb-2 font-semibold "
  disabled={false}
  onClick={[MockFunction]}
>
  Submit
</button>
`;
