// Jest Snapshot v1, https://goo.gl/fbAQLP

exports[`renders correctly 1`] = `
<h3
  className="font-semibold text-mainText"
>
  Test
</h3>
`;
