// Jest Snapshot v1, https://goo.gl/fbAQLP

exports[`renders correctly 1`] = `
<main
  className="flex flex-col items-center pt-10 bg-gradient-to-br from-white to-mainExtraLight"
  style={
    Object {
      "minHeight": 0,
      "minWidth": 0,
    }
  }
/>
`;
